// Jest Snapshot v1, https://goo.gl/fbAQLP

exports[`unit tests for FormFilter component should match the snapshot 1`] = `
<form>
  <div class="input-group mb-3"><input type="text" placeholder="Enter text" aria-label="Enter text" required="required" class="form-control"> <button type="submit" class="btn btn-primary">Find</button></div>
</form>
`;
